2025-12-23T00:02:54.875+04:00 DEBUG 15984 --- [OOPsFramework] [http-nio-8080-exec-6] o.s.security.web.FilterChainProxy        : Securing GET /api/users
2025-12-23T00:02:54.883+04:00 DEBUG 15984 --- [OOPsFramework] [http-nio-8080-exec-6] o.s.s.w.a.AnonymousAuthenticationFilter  : Set SecurityContextHolder to anonymous SecurityContext
2025-12-23T00:02:54.885+04:00 DEBUG 15984 --- [OOPsFramework] [http-nio-8080-exec-6] s.w.a.DelegatingAuthenticationEntryPoint : Trying to match using RequestHeaderRequestMatcher [expectedHeaderName=X-Requested-With, expectedHeaderValue=XMLHttpRequest]
2025-12-23T00:02:54.886+04:00 DEBUG 15984 --- [OOPsFramework] [http-nio-8080-exec-6] s.w.a.DelegatingAuthenticationEntryPoint : No match found. Using default entry point org.springframework.security.web.authentication.www.BasicAuthenticationEntryPoint@4f53d385
2025-12-23T00:02:54.890+04:00 DEBUG 15984 --- [OOPsFramework] [http-nio-8080-exec-6] o.s.security.web.FilterChainProxy        : Securing GET /error
2025-12-23T00:02:54.895+04:00 DEBUG 15984 --- [OOPsFramework] [http-nio-8080-exec-6] o.s.s.w.a.AnonymousAuthenticationFilter  : Set SecurityContextHolder to anonymous SecurityContext
2025-12-23T00:02:54.895+04:00 DEBUG 15984 --- [OOPsFramework] [http-nio-8080-exec-6] s.w.a.DelegatingAuthenticationEntryPoint : Trying to match using RequestHeaderRequestMatcher [expectedHeaderName=X-Requested-With, expectedHeaderValue=XMLHttpRequest]
2025-12-23T00:02:54.895+04:00 DEBUG 15984 --- [OOPsFramework] [http-nio-8080-exec-6] s.w.a.DelegatingAuthenticationEntryPoint : No match found. Using default entry point org.springframework.security.web.authentication.www.BasicAuthenticationEntryPoint@4f53d385
2025-12-23T00:02:56.579+04:00 DEBUG 15984 --- [OOPsFramework] [http-nio-8080-exec-10] o.s.security.web.FilterChainProxy        : Securing GET /api/users
2025-12-23T00:02:56.651+04:00 DEBUG 15984 --- [OOPsFramework] [http-nio-8080-exec-10] o.s.s.a.dao.DaoAuthenticationProvider    : Authenticated user
2025-12-23T00:02:56.652+04:00 DEBUG 15984 --- [OOPsFramework] [http-nio-8080-exec-10] o.s.s.w.a.www.BasicAuthenticationFilter  : Set SecurityContextHolder to UsernamePasswordAuthenticationToken [Principal=org.springframework.security.core.userdetails.User [Username=admin, Password=[PROTECTED], Enabled=true, AccountNonExpired=true, CredentialsNonExpired=true, AccountNonLocked=true, Granted Authorities=[ROLE_ADMIN]], Credentials=[PROTECTED], Authenticated=true, Details=WebAuthenticationDetails [RemoteIpAddress=0:0:0:0:0:0:0:1, SessionId=null], Granted Authorities=[ROLE_ADMIN]]
2025-12-23T00:02:56.652+04:00 DEBUG 15984 --- [OOPsFramework] [http-nio-8080-exec-10] o.s.security.web.FilterChainProxy        : Secured GET /api/users
2025-12-23T00:02:56.653+04:00 DEBUG 15984 --- [OOPsFramework] [http-nio-8080-exec-10] horizationManagerBeforeMethodInterceptor : Authorizing method invocation ReflectiveMethodInvocation: public org.springframework.http.ResponseEntity ru.ssau.tk._shederu_._lab1_.controller.UserController.getAllUsers(org.springframework.security.core.Authentication); target is of class [ru.ssau.tk._shederu_._lab1_.controller.UserController]
2025-12-23T00:02:56.654+04:00 DEBUG 15984 --- [OOPsFramework] [http-nio-8080-exec-10] horizationManagerBeforeMethodInterceptor : Authorized method invocation ReflectiveMethodInvocation: public org.springframework.http.ResponseEntity ru.ssau.tk._shederu_._lab1_.controller.UserController.getAllUsers(org.springframework.security.core.Authentication); target is of class [ru.ssau.tk._shederu_._lab1_.controller.UserController]
2025-12-23T00:02:56.654+04:00  INFO 15984 --- [OOPsFramework] [http-nio-8080-exec-10] r.s.t._._.controller.UserController      : ADMIN admin fetching all users
2025-12-23T00:02:56.655+04:00 DEBUG 15984 --- [OOPsFramework] [http-nio-8080-exec-10] r.s.t._._lab1_.service.UserService       : Fetching all users
2025-12-23T00:02:57.347+04:00 DEBUG 15984 --- [OOPsFramework] [http-nio-8080-exec-2] o.s.security.web.FilterChainProxy        : Securing GET /favicon.ico
2025-12-23T00:02:57.347+04:00 DEBUG 15984 --- [OOPsFramework] [http-nio-8080-exec-2] o.s.s.w.a.AnonymousAuthenticationFilter  : Set SecurityContextHolder to anonymous SecurityContext
2025-12-23T00:02:57.350+04:00 DEBUG 15984 --- [OOPsFramework] [http-nio-8080-exec-2] s.w.a.DelegatingAuthenticationEntryPoint : Trying to match using RequestHeaderRequestMatcher [expectedHeaderName=X-Requested-With, expectedHeaderValue=XMLHttpRequest]
2025-12-23T00:02:57.350+04:00 DEBUG 15984 --- [OOPsFramework] [http-nio-8080-exec-2] s.w.a.DelegatingAuthenticationEntryPoint : No match found. Using default entry point org.springframework.security.web.authentication.www.BasicAuthenticationEntryPoint@4f53d385
2025-12-23T00:02:57.350+04:00 DEBUG 15984 --- [OOPsFramework] [http-nio-8080-exec-2] o.s.security.web.FilterChainProxy        : Securing GET /error
2025-12-23T00:02:57.353+04:00 DEBUG 15984 --- [OOPsFramework] [http-nio-8080-exec-2] o.s.s.w.a.AnonymousAuthenticationFilter  : Set SecurityContextHolder to anonymous SecurityContext
2025-12-23T00:02:57.353+04:00 DEBUG 15984 --- [OOPsFramework] [http-nio-8080-exec-2] s.w.a.DelegatingAuthenticationEntryPoint : Trying to match using RequestHeaderRequestMatcher [expectedHeaderName=X-Requested-With, expectedHeaderValue=XMLHttpRequest]
2025-12-23T00:02:57.353+04:00 DEBUG 15984 --- [OOPsFramework] [http-nio-8080-exec-2] s.w.a.DelegatingAuthenticationEntryPoint : No match found. Using default entry point org.springframework.security.web.authentication.www.BasicAuthenticationEntryPoint@4f53d385
2025-12-23T00:02:57.354+04:00 DEBUG 15984 --- [OOPsFramework] [http-nio-8080-exec-8] o.s.security.web.FilterChainProxy        : Securing GET /favicon.ico
2025-12-23T00:02:57.423+04:00 DEBUG 15984 --- [OOPsFramework] [http-nio-8080-exec-8] o.s.s.a.dao.DaoAuthenticationProvider    : Authenticated user
2025-12-23T00:02:57.424+04:00 DEBUG 15984 --- [OOPsFramework] [http-nio-8080-exec-8] o.s.s.w.a.www.BasicAuthenticationFilter  : Set SecurityContextHolder to UsernamePasswordAuthenticationToken [Principal=org.springframework.security.core.userdetails.User [Username=admin, Password=[PROTECTED], Enabled=true, AccountNonExpired=true, CredentialsNonExpired=true, AccountNonLocked=true, Granted Authorities=[ROLE_ADMIN]], Credentials=[PROTECTED], Authenticated=true, Details=WebAuthenticationDetails [RemoteIpAddress=0:0:0:0:0:0:0:1, SessionId=null], Granted Authorities=[ROLE_ADMIN]]
2025-12-23T00:02:57.426+04:00 DEBUG 15984 --- [OOPsFramework] [http-nio-8080-exec-8] o.s.security.web.FilterChainProxy        : Secured GET /favicon.ico
2025-12-23T00:03:00.484+04:00 DEBUG 15984 --- [OOPsFramework] [http-nio-8080-exec-1] o.s.security.web.FilterChainProxy        : Securing GET /api/users
2025-12-23T00:03:00.484+04:00 DEBUG 15984 --- [OOPsFramework] [http-nio-8080-exec-1] o.s.s.w.a.AnonymousAuthenticationFilter  : Set SecurityContextHolder to anonymous SecurityContext
2025-12-23T00:03:00.485+04:00 DEBUG 15984 --- [OOPsFramework] [http-nio-8080-exec-1] s.w.a.DelegatingAuthenticationEntryPoint : Trying to match using RequestHeaderRequestMatcher [expectedHeaderName=X-Requested-With, expectedHeaderValue=XMLHttpRequest]
2025-12-23T00:03:00.485+04:00 DEBUG 15984 --- [OOPsFramework] [http-nio-8080-exec-1] s.w.a.DelegatingAuthenticationEntryPoint : No match found. Using default entry point org.springframework.security.web.authentication.www.BasicAuthenticationEntryPoint@4f53d385
2025-12-23T00:03:00.486+04:00 DEBUG 15984 --- [OOPsFramework] [http-nio-8080-exec-1] o.s.security.web.FilterChainProxy        : Securing GET /error
2025-12-23T00:03:00.488+04:00 DEBUG 15984 --- [OOPsFramework] [http-nio-8080-exec-1] o.s.s.w.a.AnonymousAuthenticationFilter  : Set SecurityContextHolder to anonymous SecurityContext
2025-12-23T00:03:00.489+04:00 DEBUG 15984 --- [OOPsFramework] [http-nio-8080-exec-1] s.w.a.DelegatingAuthenticationEntryPoint : Trying to match using RequestHeaderRequestMatcher [expectedHeaderName=X-Requested-With, expectedHeaderValue=XMLHttpRequest]
2025-12-23T00:03:00.489+04:00 DEBUG 15984 --- [OOPsFramework] [http-nio-8080-exec-1] s.w.a.DelegatingAuthenticationEntryPoint : No match found. Using default entry point org.springframework.security.web.authentication.www.BasicAuthenticationEntryPoint@4f53d385
2025-12-23T00:05:41.341+04:00 DEBUG 15984 --- [OOPsFramework] [http-nio-8080-exec-4] o.s.security.web.FilterChainProxy        : Securing OPTIONS /api/tabulatedFunctions
2025-12-23T00:05:41.341+04:00 DEBUG 15984 --- [OOPsFramework] [http-nio-8080-exec-5] o.s.security.web.FilterChainProxy        : Securing OPTIONS /api/tabulatedFunctions
2025-12-23T00:05:41.345+04:00 DEBUG 15984 --- [OOPsFramework] [http-nio-8080-exec-6] o.s.security.web.FilterChainProxy        : Securing GET /api/tabulatedFunctions
2025-12-23T00:05:41.417+04:00 DEBUG 15984 --- [OOPsFramework] [http-nio-8080-exec-6] o.s.s.a.dao.DaoAuthenticationProvider    : Authenticated user
2025-12-23T00:05:41.417+04:00 DEBUG 15984 --- [OOPsFramework] [http-nio-8080-exec-6] o.s.s.w.a.www.BasicAuthenticationFilter  : Set SecurityContextHolder to UsernamePasswordAuthenticationToken [Principal=org.springframework.security.core.userdetails.User [Username=admin, Password=[PROTECTED], Enabled=true, AccountNonExpired=true, CredentialsNonExpired=true, AccountNonLocked=true, Granted Authorities=[ROLE_ADMIN]], Credentials=[PROTECTED], Authenticated=true, Details=WebAuthenticationDetails [RemoteIpAddress=0:0:0:0:0:0:0:1, SessionId=null], Granted Authorities=[ROLE_ADMIN]]
2025-12-23T00:05:41.420+04:00 DEBUG 15984 --- [OOPsFramework] [http-nio-8080-exec-6] o.s.security.web.FilterChainProxy        : Secured GET /api/tabulatedFunctions
2025-12-23T00:05:41.430+04:00 DEBUG 15984 --- [OOPsFramework] [http-nio-8080-exec-6] r.s.t._._.c.TabulatedFunctionController  : Fetching functions for user: admin
2025-12-23T00:05:41.432+04:00  INFO 15984 --- [OOPsFramework] [http-nio-8080-exec-6] r.s.t._._.c.TabulatedFunctionController  : Retrieved 13 functions
2025-12-23T00:05:41.435+04:00 DEBUG 15984 --- [OOPsFramework] [http-nio-8080-exec-10] o.s.security.web.FilterChainProxy        : Securing GET /api/tabulatedFunctions
2025-12-23T00:05:41.510+04:00 DEBUG 15984 --- [OOPsFramework] [http-nio-8080-exec-10] o.s.s.a.dao.DaoAuthenticationProvider    : Authenticated user
2025-12-23T00:05:41.512+04:00 DEBUG 15984 --- [OOPsFramework] [http-nio-8080-exec-10] o.s.s.w.a.www.BasicAuthenticationFilter  : Set SecurityContextHolder to UsernamePasswordAuthenticationToken [Principal=org.springframework.security.core.userdetails.User [Username=admin, Password=[PROTECTED], Enabled=true, AccountNonExpired=true, CredentialsNonExpired=true, AccountNonLocked=true, Granted Authorities=[ROLE_ADMIN]], Credentials=[PROTECTED], Authenticated=true, Details=WebAuthenticationDetails [RemoteIpAddress=0:0:0:0:0:0:0:1, SessionId=null], Granted Authorities=[ROLE_ADMIN]]
2025-12-23T00:05:41.513+04:00 DEBUG 15984 --- [OOPsFramework] [http-nio-8080-exec-10] o.s.security.web.FilterChainProxy        : Secured GET /api/tabulatedFunctions
2025-12-23T00:05:41.517+04:00 DEBUG 15984 --- [OOPsFramework] [http-nio-8080-exec-10] r.s.t._._.c.TabulatedFunctionController  : Fetching functions for user: admin
2025-12-23T00:05:41.520+04:00  INFO 15984 --- [OOPsFramework] [http-nio-8080-exec-10] r.s.t._._.c.TabulatedFunctionController  : Retrieved 13 functions
2025-12-23T00:05:59.866+04:00 DEBUG 15984 --- [OOPsFramework] [http-nio-8080-exec-2] o.s.security.web.FilterChainProxy        : Securing OPTIONS /api/tabulatedFunctions/create-from-function
2025-12-23T00:05:59.868+04:00 DEBUG 15984 --- [OOPsFramework] [http-nio-8080-exec-8] o.s.security.web.FilterChainProxy        : Securing POST /api/tabulatedFunctions/create-from-function
2025-12-23T00:05:59.889+04:00 DEBUG 15984 --- [OOPsFramework] [http-nio-8080-exec-9] o.s.security.web.FilterChainProxy        : Securing POST /api/tabulatedFunctions/create-from-function
2025-12-23T00:05:59.938+04:00 DEBUG 15984 --- [OOPsFramework] [http-nio-8080-exec-8] o.s.s.a.dao.DaoAuthenticationProvider    : Authenticated user
2025-12-23T00:05:59.939+04:00 DEBUG 15984 --- [OOPsFramework] [http-nio-8080-exec-8] o.s.s.w.a.www.BasicAuthenticationFilter  : Set SecurityContextHolder to UsernamePasswordAuthenticationToken [Principal=org.springframework.security.core.userdetails.User [Username=admin, Password=[PROTECTED], Enabled=true, AccountNonExpired=true, CredentialsNonExpired=true, AccountNonLocked=true, Granted Authorities=[ROLE_ADMIN]], Credentials=[PROTECTED], Authenticated=true, Details=WebAuthenticationDetails [RemoteIpAddress=0:0:0:0:0:0:0:1, SessionId=null], Granted Authorities=[ROLE_ADMIN]]
2025-12-23T00:05:59.939+04:00 DEBUG 15984 --- [OOPsFramework] [http-nio-8080-exec-8] o.s.security.web.FilterChainProxy        : Secured POST /api/tabulatedFunctions/create-from-function
2025-12-23T00:05:59.946+04:00 DEBUG 15984 --- [OOPsFramework] [http-nio-8080-exec-8] r.s.t._._.c.TabulatedFunctionController  : Creating from function: name=sqr, min=1.0, max=3.0, points=3
2025-12-23T00:05:59.949+04:00  INFO 15984 --- [OOPsFramework] [http-nio-8080-exec-8] r.s.t._._.c.TabulatedFunctionController  : Function created: id=108
2025-12-23T00:05:59.961+04:00 DEBUG 15984 --- [OOPsFramework] [http-nio-8080-exec-9] o.s.s.a.dao.DaoAuthenticationProvider    : Authenticated user
2025-12-23T00:05:59.962+04:00 DEBUG 15984 --- [OOPsFramework] [http-nio-8080-exec-9] o.s.s.w.a.www.BasicAuthenticationFilter  : Set SecurityContextHolder to UsernamePasswordAuthenticationToken [Principal=org.springframework.security.core.userdetails.User [Username=admin, Password=[PROTECTED], Enabled=true, AccountNonExpired=true, CredentialsNonExpired=true, AccountNonLocked=true, Granted Authorities=[ROLE_ADMIN]], Credentials=[PROTECTED], Authenticated=true, Details=WebAuthenticationDetails [RemoteIpAddress=0:0:0:0:0:0:0:1, SessionId=null], Granted Authorities=[ROLE_ADMIN]]
2025-12-23T00:05:59.962+04:00 DEBUG 15984 --- [OOPsFramework] [http-nio-8080-exec-9] o.s.security.web.FilterChainProxy        : Secured POST /api/tabulatedFunctions/create-from-function
2025-12-23T00:05:59.970+04:00  WARN 15984 --- [OOPsFramework] [http-nio-8080-exec-9] r.s.t._._.c.TabulatedFunctionController  : Function with name 'sqr' already exists for user admin
